Building Windows application...                                 
flutter : Nuget.exe not found, trying to 
download or use cached version.
At line:1 char:1
+ flutter build windows 2>&1 > build_output.txt; 
Get-Content build_outp ...
+ ~~~~~~~~~~~~~~~~~~~~~~~~~~~~~~~~~~~~~~~~~~~~~
    + CategoryInfo          : NotSpecified: (Nug 
   et.exe not f...cached version.:String) [], R  
  emoteException
    + FullyQualifiedErrorId : NativeCommandError
 
lib/screens/settings_dialog.dart(132,62): error 
G036AE10F: Required named parameter 'port' must 
be provided. [D:\docvoice-2\docvoice\build\window
s\x64\flutter\flutter_assemble.vcxproj]
C:\Program Files (x86)\Microsoft Visual Studio\20
22\BuildTools\MSBuild\Microsoft\VC\v170\Microsoft
.CppCommon.targets(254,5): error MSB8066: Custom 
build for 'D:\docvoice-2\docvoice\build\windows\x
64\CMakeFiles\b9b653852db522aaa3e789f615530c31\fl
utter_windows.dll.rule;D:\docvoice-2\docvoice\bui
ld\windows\x64\CMakeFiles\51e800b0d072f6d2a695eec
0f03a90b2\flutter_assemble.rule' exited with 
code 1. [D:\docvoice-2\docvoice\build\windows\x64
\flutter\flutter_assemble.vcxproj]
Building Windows application...                                    28.6s
Build process failed.
